// Jest Snapshot v1, https://goo.gl/fbAQLP

exports[`should take a snapshot 1`] = `
<DocumentFragment>
  <div
    class="App"
  >
    <header
      class="App-header"
    >
      <h2>
        GitHub User Data
      </h2>
    </header>
    <p>
      Loading...
    </p>
    <div
      class="list-wrapper"
    >
      <div
        class="new-todo-form"
      >
        <input
          class="new-todo-input"
          placeholder="Type your new todo here"
          type="text"
          value=""
        />
        <button
          class="new-todo-button"
        >
          Create Todo
        </button>
      </div>
    </div>
  </div>
  <div
    class="App"
  >
    <header
      class="App-header"
    >
      <button>
        Current theme: light
      </button>
    </header>
  </div>
</DocumentFragment>
`;
